#
# A fatal error has been detected by the Java Runtime Environment:
#
#  EXCEPTION_PRIV_INSTRUCTION (0xc0000096) at pc=0x0000016bf3ebddfc, pid=1532, tid=2012
#
# JRE version: OpenJDK Runtime Environment Zulu24.30+11-CA (24.0.1+9) (build 24.0.1+9)
# Java VM: OpenJDK 64-Bit Server VM Zulu24.30+11-CA (24.0.1+9, mixed mode, sharing, tiered, compressed oops, compressed class ptrs, g1 gc, windows-amd64)
# Problematic frame:
# j  java.util.zip.ZipFile$ZipFileInputStream.close()V+0 java.base@24.0.1
#
# No core dump will be written. Minidumps are not enabled by default on client versions of Windows
#
# If you would like to submit a bug report, please visit:
#   http://www.azul.com/support/
#

---------------  S U M M A R Y ------------

Command Line: -Dclassworlds.conf=C:\Program Files\Apache NetBeans\java\maven\bin\m2.conf -Dmaven.home=C:\Program Files\Apache NetBeans\java\maven -Dlibrary.jansi.path=C:\Program Files\Apache NetBeans\java\maven\lib\jansi-native -Dmaven.multiModuleProjectDirectory=C:\Users\juank\OneDrive\Escritorio\UAO\POO\NetbeansProyects\EPS org.codehaus.plexus.classworlds.launcher.Launcher -Dtest=ExcelManagerTest -Dmaven.ext.class.path=C:\Program Files\Apache NetBeans\java\maven-nblib\netbeans-eventspy.jar --no-transfer-progress process-test-classes surefire:test

Host: AMD Ryzen 5 4600H with Radeon Graphics         , 12 cores, 15G,  Windows 11 , 64 bit Build 26100 (10.0.26100.7019)
Time: Sun Nov 16 17:06:50 2025 SA Pacific Standard Time elapsed time: 0.171100 seconds (0d 0h 0m 0s)

---------------  T H R E A D  ---------------

Current thread (0x0000016be1ab0df0):  JavaThread "main"             [_thread_in_Java, id=2012, stack(0x00000029de700000,0x00000029de800000) (1024K)]

Stack: [0x00000029de700000,0x00000029de800000],  sp=0x00000029de7fc930,  free space=1010k
Native frames: (J=compiled Java code, j=interpreted, Vv=VM code, C=native code)
C  0x0000016bf3ebddfc  (no source info available)

The last pc belongs to nofast_putfield (printed below).

siginfo: EXCEPTION_PRIV_INSTRUCTION (0xc0000096)


Registers:
RAX=0x00000000857a1870, RBX=0x0000000000000020, RCX=0x0000016b840a2d58, RDX=0x0000000000000005
RSP=0x00000029de7fc930, RBP=0x00000029de7fc990, RSI=0x0000016bc5081290, RDI=0x0000000000000d86
R8 =0x0000000000000001, R9 =0x00000007191ae128, R10=0x00007ffb861e7e10, R11=0x00007ffbcff414c5
R12=0x0000000000000000, R13=0x0000016b84b5fd6f, R14=0x00000029de7fc9b0, R15=0x0000016be1ab0df0
RIP=0x0000016bf3ebddfc, EFLAGS=0x0000000000010246

XMM[0]=0x902479326f33326f 0xfe15d554780959ad
XMM[1]=0xbb41c860ed3319ab 0x42b9b5a81706b52e
XMM[2]=0x71cced39a7fff095 0x0b671c6a05e561ad
XMM[3]=0xb50baac727b03679 0x2dc2edfe47856549
XMM[4]=0x612e29e6d3a6296a 0xbc982352bb3f4a26
XMM[5]=0xa72e996fb4eaae7f 0x1b665ea47df23732
XMM[6]=0xdf26f0e3b28d4331 0x459176a560a20a98
XMM[7]=0x3cab83e377b80431 0x5d90bb33ecad55d2
XMM[8]=0x058f45e5c43d4f6d 0x8e8662f25c52007f
XMM[9]=0x7e3f23577e3f2357 0x7e3f2357bf0d3984
XMM[10]=0x0000000000000000 0x0000000040ce162d
XMM[11]=0xb4d98428b4d98428 0xb4d9842873e6bdac
XMM[12]=0x0000000000000000 0x00000000bf0d3984
XMM[13]=0x0000000000000000 0x0000000000000000
XMM[14]=0x0000000000000000 0x0000000000000000
XMM[15]=0x0000000000000000 0x0000000000000000
  MXCSR=0x00001fa0


Register to memory mapping:

RAX=0x00000000857a1870 is an unknown value
RBX=0x0000000000000020 is an unknown value
RCX=0x0000016b840a2d58 is pointing into metadata
RDX=0x0000000000000005 is an unknown value
RSP=0x00000029de7fc930 is pointing into the stack for thread: 0x0000016be1ab0df0
RBP=0x00000029de7fc990 is pointing into the stack for thread: 0x0000016be1ab0df0
RSI=0x0000016bc5081290 is pointing into metadata
RDI=0x0000000000000d86 is an unknown value
R8 =0x0000000000000001 is an unknown value
R9 =0x00000007191ae128 is an oop: java.util.zip.ZipFile$ZipFileInputStream 
{0x00000007191ae128} - klass: 'java/util/zip/ZipFile$ZipFileInputStream' - flags: 

 - ---- fields (total size 7 words):
 - private volatile 'closeRequested' 'Z' @12  true (0x01)
 - private 'pos' 'J' @16  56077 (0x000000000000db0d)
 - private 'startingPos' 'J' @24  52615 (0x000000000000cd87)
 - protected 'rem' 'J' @32  0 (0x0000000000000000)
 - protected 'size' 'J' @40  7616 (0x0000000000001dc0)
 - final synthetic 'this$0' 'Ljava/util/zip/ZipFile;' @48  a 'java/util/jar/JarFile'{0x00000007194b6058} (0xe3296c0b)
R10=0x00007ffb861e7e10 jvm.dll
R11=0x00007ffbcff414c5 VCRUNTIME140.dll
R12=0x0 is null
R13=0x0000016b84b5fd6f is pointing into metadata
R14=0x00000029de7fc9b0 is pointing into the stack for thread: 0x0000016be1ab0df0
R15=0x0000016be1ab0df0 is a thread

Top of Stack: (sp=0x00000029de7fc930)
0x00000029de7fc930:   0000000000000000 0000000000000000   ................
0x00000029de7fc940:   00000007191ae128 fffffffffffffff7   (...............
0x00000029de7fc950:   0000016b84b5fd60 0000000000000004   `...k...........
0x00000029de7fc960:   0000016b843d7b00 0000000000000000   .{=.k...........
0x00000029de7fc970:   00000007ffea5eb0 0000016b843d7aa8   .^.......z=.k...
0x00000029de7fc980:   0000000000000000 00000029de7fc9b0   ............)...
0x00000029de7fc990:   00000029de7fca10 0000016bf3ea8800   ....).......k...
0x00000029de7fc9a0:   0000000000000000 0000000000000000   ................
0x00000029de7fc9b0:   00000007191ae128 00000007194b6058   (.......X`K.....
0x00000029de7fc9c0:   0000000000000000 fffffffffffffff5   ................
0x00000029de7fc9d0:   0000016b84b6046a 0000000000000007   j...k...........
0x00000029de7fc9e0:   0000016b843d7b00 0000000000000000   .{=.k...........
0x00000029de7fc9f0:   00000007ffea5eb0 0000016b843d7b40   .^......@{=.k...
0x00000029de7fca00:   fffffffffffffff4 00000029de7fca30   ........0...)...
0x00000029de7fca10:   00000029de7fcaa0 0000016bf3ea8948   ....)...H...k...
0x00000029de7fca20:   0000000000000000 00000007194b6058   ........X`K.....
0x00000029de7fca30:   0000000000000d86 0000000000000000   ................
0x00000029de7fca40:   00000007191ae1a8 00000007191ae128   ........(.......
0x00000029de7fca50:   00000007191ae160 fffffffffffffff7   `...............
0x00000029de7fca60:   0000016b84b61f48 0000000000000002   H...k...........
0x00000029de7fca70:   0000016b843d8888 0000000000000000   ..=.k...........
0x00000029de7fca80:   00000007ffea5f20 0000016b843d8920    _...... .=.k...
0x00000029de7fca90:   fffffffffffffff2 00000029de7fcab0   ............)...
0x00000029de7fcaa0:   00000029de7fcb00 0000016bf3ea8800   ....).......k...
0x00000029de7fcab0:   00000007191ae160 fffffffffffffff7   `...............
0x00000029de7fcac0:   0000016b84b6127e 0000000000000007   ~...k...........
0x00000029de7fcad0:   0000016b8442da40 0000000000000000   @.B.k...........
0x00000029de7fcae0:   00000007ffea8cc0 0000016b843d84c0   ..........=.k...
0x00000029de7fcaf0:   fffffffffffffff6 00000029de7fcb20   ........ ...)...
0x00000029de7fcb00:   00000029de7fcb88 0000016bf3ea8948   ....)...H...k...
0x00000029de7fcb10:   0000000000000000 0000000000000000   ................
0x00000029de7fcb20:   0000000000000400 0000000000000000   ................

Instructions: (pc=0x0000016bf3ebddfc)
  0x0000016bf3ebdcfc:   08 e9 0c 00 00 00 48 b8 90 18 7a 85 fb 7f 00 00
  0x0000016bf3ebdd0c:   ff d0 48 83 c4 20 c5 fb 10 6c 24 68 c5 fb 10 64
  0x0000016bf3ebdd1c:   24 60 c5 fb 10 5c 24 58 c5 fb 10 54 24 50 c5 fb
  0x0000016bf3ebdd2c:   10 4c 24 48 c5 fb 10 44 24 40 4c 8b 5c 24 30 4c
  0x0000016bf3ebdd3c:   8b 54 24 28 4c 8b 4c 24 20 4c 8b 44 24 18 48 8b
  0x0000016bf3ebdd4c:   54 24 10 48 8b 4c 24 08 48 8b 04 24 48 83 c4 70
  0x0000016bf3ebdd5c:   c5 f8 77 4c 8b c8 48 c1 e8 03 41 89 03 4d 8b c3
  0x0000016bf3ebdd6c:   4d 33 c1 49 c1 e8 15 0f 84 aa 00 00 00 49 83 f9
  0x0000016bf3ebdd7c:   00 0f 84 a0 00 00 00 4d 8b c3 49 c1 e8 09 49 b9
  0x0000016bf3ebdd8c:   00 00 e2 f8 6b 01 00 00 4d 03 c1 41 80 38 02 0f
  0x0000016bf3ebdd9c:   84 82 00 00 00 f0 83 44 24 c0 00 41 80 38 00 0f
  0x0000016bf3ebddac:   84 72 00 00 00 41 c6 00 00 4d 8b 4f 50 4d 85 c9
  0x0000016bf3ebddbc:   0f 84 14 00 00 00 49 83 e9 08 4d 89 4f 50 4d 03
  0x0000016bf3ebddcc:   4f 58 4d 89 01 e9 4d 00 00 00 48 83 ec 10 4c 89
  0x0000016bf3ebdddc:   1c 24 49 8b d7 49 8b c8 48 83 ec 20 40 f6 c4 0f
  0x0000016bf3ebddec:   0f 84 19 00 00 00 48 83 ec 08 48 b8 70 18 7a 85
=>0x0000016bf3ebddfc:   fb 7f 00 00 ff d0 48 83 c4 08 e9 0c 00 00 00 48
  0x0000016bf3ebde0c:   b8 70 18 7a 85 fb 7f 00 00 ff d0 48 83 c4 20 4c
  0x0000016bf3ebde1c:   8b 1c 24 48 83 c4 10 e9 a6 00 00 00 83 fa 04 0f
  0x0000016bf3ebde2c:   85 13 00 00 00 8b 04 24 48 83 c4 08 59 48 3b 01
  0x0000016bf3ebde3c:   89 04 19 e9 8a 00 00 00 83 fa 02 0f 85 14 00 00
  0x0000016bf3ebde4c:   00 8b 04 24 48 83 c4 08 59 48 3b 01 66 89 04 19
  0x0000016bf3ebde5c:   e9 6d 00 00 00 83 fa 03 0f 85 14 00 00 00 8b 04
  0x0000016bf3ebde6c:   24 48 83 c4 08 59 48 3b 01 66 89 04 19 e9 50 00
  0x0000016bf3ebde7c:   00 00 83 fa 05 0f 85 15 00 00 00 48 8b 04 24 48
  0x0000016bf3ebde8c:   83 c4 10 59 48 3b 01 48 89 04 19 e9 32 00 00 00
  0x0000016bf3ebde9c:   83 fa 06 0f 85 17 00 00 00 c5 fa 10 04 24 48 83
  0x0000016bf3ebdeac:   c4 08 59 48 3b 01 c5 fa 11 04 19 e9 12 00 00 00
  0x0000016bf3ebdebc:   c5 fb 10 04 24 48 83 c4 10 59 48 3b 01 c5 fb 11
  0x0000016bf3ebdecc:   04 19 f0 83 44 24 c0 00 e9 cc 02 00 00 85 d2 0f
  0x0000016bf3ebdedc:   85 13 00 00 00 8b 04 24 48 83 c4 08 59 48 3b 01
  0x0000016bf3ebdeec:   88 04 19 e9 b1 02 00 00 83 fa 01 0f 85 16 00 00


Stack slot to memory mapping:

stack at sp + 0 slots: 0x0 is null
stack at sp + 1 slots: 0x0 is null
stack at sp + 2 slots: 0x00000007191ae128 is an oop: java.util.zip.ZipFile$ZipFileInputStream 
{0x00000007191ae128} - klass: 'java/util/zip/ZipFile$ZipFileInputStream' - flags: 

 - ---- fields (total size 7 words):
 - private volatile 'closeRequested' 'Z' @12  true (0x01)
 - private 'pos' 'J' @16  56077 (0x000000000000db0d)
 - private 'startingPos' 'J' @24  52615 (0x000000000000cd87)
 - protected 'rem' 'J' @32  0 (0x0000000000000000)
 - protected 'size' 'J' @40  7616 (0x0000000000001dc0)
 - final synthetic 'this$0' 'Ljava/util/zip/ZipFile;' @48  a 'java/util/jar/JarFile'{0x00000007194b6058} (0xe3296c0b)
stack at sp + 3 slots: 0xfffffffffffffff7 is an unknown value
stack at sp + 4 slots: 0x0000016b84b5fd60 is pointing into metadata
stack at sp + 5 slots: 0x0000000000000004 is an unknown value
stack at sp + 6 slots: 0x0000016b843d7b00 is pointing into metadata
stack at sp + 7 slots: 0x0 is null

Lock stack of current Java thread (top to bottom):
LockStack[1]: java.lang.Object 
{0x00000007191ad2c8} - klass: 'java/lang/Object' - flags: 

 - ---- fields (total size 2 words):
LockStack[0]: java.lang.Object 
{0x00000007191aaf30} - klass: 'java/lang/Object' - flags: 

 - ---- fields (total size 2 words):

nofast_putfield  235 nofast_putfield  [0x0000016bf3ebdae0, 0x0000016bf3ebe1c0]  1760 bytes
[MachCode]
  0x0000016bf3ebdae0: 4883 ec08 | c5fa 1104 | 24eb 1f48 | 83ec 10c5 | fb11 0424 | eb14 4883 | ec10 4889 | 0424 48c7 
  0x0000016bf3ebdb00: 4424 0800 | 0000 00eb | 0150 488b | 4dd0 410f | b755 0148 | 8b49 306b | d218 488d | 4c11 080f 
  0x0000016bf3ebdb20: b659 1381 | fbb5 0000 | 000f 84bd | 0000 00bb | b500 0000 | e805 0000 | 00e9 9900 | 0000 488b 
  0x0000016bf3ebdb40: d348 8d44 | 2408 4c89 | 6dc0 498b | cfc5 f877 | 4989 afb8 | 0300 0049 | 8987 a803 | 0000 4883 
  0x0000016bf3ebdb60: ec20 40f6 | c40f 0f84 | 1900 0000 | 4883 ec08 | 48b8 b043 | 8685 fb7f | 0000 ffd0 | 4883 c408 
  0x0000016bf3ebdb80: e90c 0000 | 0048 b8b0 | 4386 85fb | 7f00 00ff | d048 83c4 | 2049 c787 | a803 0000 | 0000 0000 
  0x0000016bf3ebdba0: 49c7 87b8 | 0300 0000 | 0000 0049 | c787 b003 | 0000 0000 | 0000 c5f8 | 7749 837f | 0800 0f84 
  0x0000016bf3ebdbc0: 0500 0000 | e9f7 32fe | ff4c 8b6d | c04c 8b75 | c84e 8d74 | f500 c348 | 8b4d d041 | 0fb7 5501 
  0x0000016bf3ebdbe0: 488b 4930 | 6bd2 1848 | 8d4c 1108 | 8b59 080f | b641 110f | b651 1083 | e001 85c0 | 0f84 d702 
  0x0000016bf3ebdc00: 0000 85d2 | 0f85 1300 | 0000 8b04 | 2448 83c4 | 0859 483b | 0188 0419 | e9b1 0200 | 0083 fa01 
  0x0000016bf3ebdc20: 0f85 1600 | 0000 8b04 | 2448 83c4 | 0859 483b | 0183 e001 | 8804 19e9 | 9202 0000 | 83fa 080f 
  0x0000016bf3ebdc40: 85e3 0100 | 0058 5948 | 3b01 4c8d | 1c19 4180 | 7f48 000f | 8406 0100 | 0045 8b0b | 49c1 e103 
  0x0000016bf3ebdc60: 4983 f900 | 0f84 f500 | 0000 4d8b | 4738 4d85 | c00f 8414 | 0000 0049 | 83e8 084d | 8947 384d 
  0x0000016bf3ebdc80: 0347 404d | 8908 e9d4 | 0000 0048 | 83ec 7048 | 8904 2448 | 894c 2408 | 4889 5424 | 104c 8944 
  0x0000016bf3ebdca0: 2418 4c89 | 4c24 204c | 8954 2428 | 4c89 5c24 | 30c5 fb11 | 4424 40c5 | fb11 4c24 | 48c5 fb11 
  0x0000016bf3ebdcc0: 5424 50c5 | fb11 5c24 | 58c5 fb11 | 6424 60c5 | fb11 6c24 | 6849 8bd7 | 498b c948 | 83ec 2040 
  0x0000016bf3ebdce0: f6c4 0f0f | 8419 0000 | 0048 83ec | 0848 b890 | 187a 85fb | 7f00 00ff | d048 83c4 | 08e9 0c00 
  0x0000016bf3ebdd00: 0000 48b8 | 9018 7a85 | fb7f 0000 | ffd0 4883 | c420 c5fb | 106c 2468 | c5fb 1064 | 2460 c5fb 
  0x0000016bf3ebdd20: 105c 2458 | c5fb 1054 | 2450 c5fb | 104c 2448 | c5fb 1044 | 2440 4c8b | 5c24 304c | 8b54 2428 
  0x0000016bf3ebdd40: 4c8b 4c24 | 204c 8b44 | 2418 488b | 5424 1048 | 8b4c 2408 | 488b 0424 | 4883 c470 | c5f8 774c 
  0x0000016bf3ebdd60: 8bc8 48c1 | e803 4189 | 034d 8bc3 | 4d33 c149 | c1e8 150f | 84aa 0000 | 0049 83f9 | 000f 84a0 
  0x0000016bf3ebdd80: 0000 004d | 8bc3 49c1 | e809 49b9 | 0000 e2f8 | 6b01 0000 | 4d03 c141 | 8038 020f | 8482 0000 
  0x0000016bf3ebdda0: 00f0 8344 | 24c0 0041 | 8038 000f | 8472 0000 | 0041 c600 | 004d 8b4f | 504d 85c9 | 0f84 1400 
  0x0000016bf3ebddc0: 0000 4983 | e908 4d89 | 4f50 4d03 | 4f58 4d89 | 01e9 4d00 | 0000 4883 | ec10 4c89 | 1c24 498b 
  0x0000016bf3ebdde0: d749 8bc8 | 4883 ec20 | 40f6 c40f | 0f84 1900 | 0000 4883 | ec08 48b8 | 7018 7a85 | fb7f 0000 
  0x0000016bf3ebde00: ffd0 4883 | c408 e90c | 0000 0048 | b870 187a | 85fb 7f00 | 00ff d048 | 83c4 204c | 8b1c 2448 
  0x0000016bf3ebde20: 83c4 10e9 | a600 0000 | 83fa 040f | 8513 0000 | 008b 0424 | 4883 c408 | 5948 3b01 | 8904 19e9 
  0x0000016bf3ebde40: 8a00 0000 | 83fa 020f | 8514 0000 | 008b 0424 | 4883 c408 | 5948 3b01 | 6689 0419 | e96d 0000 
  0x0000016bf3ebde60: 0083 fa03 | 0f85 1400 | 0000 8b04 | 2448 83c4 | 0859 483b | 0166 8904 | 19e9 5000 | 0000 83fa 
  0x0000016bf3ebde80: 050f 8515 | 0000 0048 | 8b04 2448 | 83c4 1059 | 483b 0148 | 8904 19e9 | 3200 0000 | 83fa 060f 
  0x0000016bf3ebdea0: 8517 0000 | 00c5 fa10 | 0424 4883 | c408 5948 | 3b01 c5fa | 1104 19e9 | 1200 0000 | c5fb 1004 
  0x0000016bf3ebdec0: 2448 83c4 | 1059 483b | 01c5 fb11 | 0419 f083 | 4424 c000 | e9cc 0200 | 0085 d20f | 8513 0000 
  0x0000016bf3ebdee0: 008b 0424 | 4883 c408 | 5948 3b01 | 8804 19e9 | b102 0000 | 83fa 010f | 8516 0000 | 008b 0424 
  0x0000016bf3ebdf00: 4883 c408 | 5948 3b01 | 83e0 0188 | 0419 e992 | 0200 0083 | fa08 0f85 | e301 0000 | 5859 483b 
  0x0000016bf3ebdf20: 014c 8d1c | 1941 807f | 4800 0f84 | 0601 0000 | 458b 0b49 | c1e1 0349 | 83f9 000f | 84f5 0000 
  0x0000016bf3ebdf40: 004d 8b47 | 384d 85c0 | 0f84 1400 | 0000 4983 | e808 4d89 | 4738 4d03 | 4740 4d89 | 08e9 d400 
  0x0000016bf3ebdf60: 0000 4883 | ec70 4889 | 0424 4889 | 4c24 0848 | 8954 2410 | 4c89 4424 | 184c 894c | 2420 4c89 
  0x0000016bf3ebdf80: 5424 284c | 895c 2430 | c5fb 1144 | 2440 c5fb | 114c 2448 | c5fb 1154 | 2450 c5fb | 115c 2458 
  0x0000016bf3ebdfa0: c5fb 1164 | 2460 c5fb | 116c 2468 | 498b d749 | 8bc9 4883 | ec20 40f6 | c40f 0f84 | 1900 0000 
  0x0000016bf3ebdfc0: 4883 ec08 | 48b8 9018 | 7a85 fb7f | 0000 ffd0 | 4883 c408 | e90c 0000 | 0048 b890 | 187a 85fb 
  0x0000016bf3ebdfe0: 7f00 00ff | d048 83c4 | 20c5 fb10 | 6c24 68c5 | fb10 6424 | 60c5 fb10 | 5c24 58c5 | fb10 5424 
  0x0000016bf3ebe000: 50c5 fb10 | 4c24 48c5 | fb10 4424 | 404c 8b5c | 2430 4c8b | 5424 284c | 8b4c 2420 | 4c8b 4424 
  0x0000016bf3ebe020: 1848 8b54 | 2410 488b | 4c24 0848 | 8b04 2448 | 83c4 70c5 | f877 4c8b | c848 c1e8 | 0341 8903 
  0x0000016bf3ebe040: 4d8b c34d | 33c1 49c1 | e815 0f84 | aa00 0000 | 4983 f900 | 0f84 a000 | 0000 4d8b | c349 c1e8 
  0x0000016bf3ebe060: 0949 b900 | 00e2 f86b | 0100 004d | 03c1 4180 | 3802 0f84 | 8200 0000 | f083 4424 | c000 4180 
  0x0000016bf3ebe080: 3800 0f84 | 7200 0000 | 41c6 0000 | 4d8b 4f50 | 4d85 c90f | 8414 0000 | 0049 83e9 | 084d 894f 
  0x0000016bf3ebe0a0: 504d 034f | 584d 8901 | e94d 0000 | 0048 83ec | 104c 891c | 2449 8bd7 | 498b c848 | 83ec 2040 
  0x0000016bf3ebe0c0: f6c4 0f0f | 8419 0000 | 0048 83ec | 0848 b870 | 187a 85fb | 7f00 00ff | d048 83c4 | 08e9 0c00 
  0x0000016bf3ebe0e0: 0000 48b8 | 7018 7a85 | fb7f 0000 | ffd0 4883 | c420 4c8b | 1c24 4883 | c410 e9a6 | 0000 0083 
  0x0000016bf3ebe100: fa04 0f85 | 1300 0000 | 8b04 2448 | 83c4 0859 | 483b 0189 | 0419 e98a | 0000 0083 | fa02 0f85 
  0x0000016bf3ebe120: 1400 0000 | 8b04 2448 | 83c4 0859 | 483b 0166 | 8904 19e9 | 6d00 0000 | 83fa 030f | 8514 0000 
  0x0000016bf3ebe140: 008b 0424 | 4883 c408 | 5948 3b01 | 6689 0419 | e950 0000 | 0083 fa05 | 0f85 1500 | 0000 488b 
  0x0000016bf3ebe160: 0424 4883 | c410 5948 | 3b01 4889 | 0419 e932 | 0000 0083 | fa06 0f85 | 1700 0000 | c5fa 1004 
  0x0000016bf3ebe180: 2448 83c4 | 0859 483b | 01c5 fa11 | 0419 e912 | 0000 00c5 | fb10 0424 | 4883 c410 | 5948 3b01 
  0x0000016bf3ebe1a0: c5fb 1104 | 1941 0fb6 | 5d03 4983 | c503 49ba | 109e 1e86 | fb7f 0000 | 41ff 24da | 0f1f 4000 
[/MachCode]

---------------  P R O C E S S  ---------------

Threads class SMR info:
_java_thread_list=0x0000016bc9257bf0, length=12, elements={
0x0000016be1ab0df0, 0x0000016bffa8bd30, 0x0000016bffa8e480, 0x0000016bffa8fd60,
0x0000016bffa91030, 0x0000016bffab1f80, 0x0000016bffab34d0, 0x0000016bffab4330,
0x0000016bffab4eb0, 0x0000016bc90a8a40, 0x0000016bc90aa030, 0x0000016bc9198fa0
}

Java Threads: ( => current thread )
=>0x0000016be1ab0df0 JavaThread "main"                              [_thread_in_Java, id=2012, stack(0x00000029de700000,0x00000029de800000) (1024K)]
  0x0000016bffa8bd30 JavaThread "Reference Handler"          daemon [_thread_blocked, id=19768, stack(0x00000029def00000,0x00000029df000000) (1024K)]
  0x0000016bffa8e480 JavaThread "Finalizer"                  daemon [_thread_blocked, id=16524, stack(0x00000029df000000,0x00000029df100000) (1024K)]
  0x0000016bffa8fd60 JavaThread "Signal Dispatcher"          daemon [_thread_blocked, id=19852, stack(0x00000029df100000,0x00000029df200000) (1024K)]
  0x0000016bffa91030 JavaThread "Attach Listener"            daemon [_thread_blocked, id=18500, stack(0x00000029df200000,0x00000029df300000) (1024K)]
  0x0000016bffab1f80 JavaThread "Service Thread"             daemon [_thread_blocked, id=8672, stack(0x00000029df300000,0x00000029df400000) (1024K)]
  0x0000016bffab34d0 JavaThread "Monitor Deflation Thread"   daemon [_thread_blocked, id=22848, stack(0x00000029df400000,0x00000029df500000) (1024K)]
  0x0000016bffab4330 JavaThread "C2 CompilerThread0"         daemon [_thread_blocked, id=1584, stack(0x00000029df500000,0x00000029df600000) (1024K)]
  0x0000016bffab4eb0 JavaThread "C1 CompilerThread0"         daemon [_thread_blocked, id=17884, stack(0x00000029df600000,0x00000029df700000) (1024K)]
  0x0000016bc90a8a40 JavaThread "Notification Thread"        daemon [_thread_blocked, id=22928, stack(0x00000029df700000,0x00000029df800000) (1024K)]
  0x0000016bc90aa030 JavaThread "Common-Cleaner"             daemon [_thread_blocked, id=16036, stack(0x00000029df800000,0x00000029df900000) (1024K)]
  0x0000016bc9198fa0 JavaThread "C2 CompilerThread1"         daemon [_thread_blocked, id=11580, stack(0x00000029df900000,0x00000029dfa00000) (1024K)]
Total: 12

Other Threads:
  0x0000016bffa7c610 VMThread "VM Thread"                           [id=20348, stack(0x00000029dee00000,0x00000029def00000) (1024K)]
  0x0000016bffa6dd80 WatcherThread "VM Periodic Task Thread"        [id=9436, stack(0x00000029ded00000,0x00000029dee00000) (1024K)]
  0x0000016be3ed41d0 WorkerThread "GC Thread#0"                     [id=23348, stack(0x00000029de800000,0x00000029de900000) (1024K)]
  0x0000016be3eeb4c0 ConcurrentGCThread "G1 Main Marker"            [id=23876, stack(0x00000029de900000,0x00000029dea00000) (1024K)]
  0x0000016be3eecdc0 WorkerThread "G1 Conc#0"                       [id=18516, stack(0x00000029dea00000,0x00000029deb00000) (1024K)]
  0x0000016bff9239e0 ConcurrentGCThread "G1 Refine#0"               [id=12624, stack(0x00000029deb00000,0x00000029dec00000) (1024K)]
  0x0000016bff924300 ConcurrentGCThread "G1 Service"                [id=9480, stack(0x00000029dec00000,0x00000029ded00000) (1024K)]
Total: 7

Threads with active compile tasks:
Total: 0

VM state: not at safepoint (normal execution)

VM Mutex/Monitor currently owned by a thread: None

Heap address: 0x000000070a000000, size: 3936 MB, Compressed Oops mode: Zero based, Oop shift amount: 3

CDS archive(s) mapped at: [0x0000016b84000000-0x0000016b84d40000-0x0000016b84d40000), size 13893632, SharedBaseAddress: 0x0000016b84000000, ArchiveRelocationMode: 1.
Compressed class space mapped at: 0x0000016b85000000-0x0000016bc5000000, reserved size: 1073741824
UseCompressedClassPointers 1, UseCompactObjectHeaders 0
Narrow klass pointer bits 32, Max shift 3
Narrow klass base: 0x0000016b84000000, Narrow klass shift: 0
Encoding Range: [0x0000016b84000000 - 0x0000016c84000000), (4294967296 bytes)
Klass Range:    [0x0000016b84000000 - 0x0000016bc5000000), (1090519040 bytes)
Klass ID Range:  [8 - 1090519033) (1090519025)

GC Precious Log:
 CardTable entry size: 512
 Card Set container configuration: InlinePtr #cards 4 size 8 Array Of Cards #cards 16 size 48 Howl #buckets 8 coarsen threshold 3686 Howl Bitmap #cards 512 size 80 coarsen threshold 460 Card regions per heap region 1 cards per card region 4096
 CPUs: 12 total, 12 available
 Memory: 15741M
 Large Page Support: Disabled
 NUMA Support: Disabled
 Compressed Oops: Enabled (Zero based)
 Heap Region Size: 2M
 Heap Min Capacity: 8M
 Heap Initial Capacity: 246M
 Heap Max Capacity: 3936M
 Pre-touch: Disabled
 Parallel Workers: 10
 Concurrent Workers: 3
 Concurrent Refinement Workers: 10
 Periodic GC: Disabled

Heap:
 garbage-first heap   total reserved 4030464K, committed 253952K, used 7280K [0x000000070a000000, 0x0000000800000000)
  region size 2048K, 4 young (8192K), 0 survivors (0K)
 Metaspace       used 1431K, committed 1536K, reserved 1114112K
  class space    used 99K, committed 128K, reserved 1048576K

Heap Regions: E=young(eden), S=young(survivor), O=old, HS=humongous(starts), HC=humongous(continues), CS=collection set, F=free, TAMS=top-at-mark-start, PB=parsable bottom
|   0|0x000000070a000000, 0x000000070a000000, 0x000000070a200000|  0%| F|  |TAMS 0x000000070a000000| PB 0x000000070a000000| Untracked |  0
|   1|0x000000070a200000, 0x000000070a200000, 0x000000070a400000|  0%| F|  |TAMS 0x000000070a200000| PB 0x000000070a200000| Untracked |  0
|   2|0x000000070a400000, 0x000000070a400000, 0x000000070a600000|  0%| F|  |TAMS 0x000000070a400000| PB 0x000000070a400000| Untracked |  0
|   3|0x000000070a600000, 0x000000070a600000, 0x000000070a800000|  0%| F|  |TAMS 0x000000070a600000| PB 0x000000070a600000| Untracked |  0
|   4|0x000000070a800000, 0x000000070a800000, 0x000000070aa00000|  0%| F|  |TAMS 0x000000070a800000| PB 0x000000070a800000| Untracked |  0
|   5|0x000000070aa00000, 0x000000070aa00000, 0x000000070ac00000|  0%| F|  |TAMS 0x000000070aa00000| PB 0x000000070aa00000| Untracked |  0
|   6|0x000000070ac00000, 0x000000070ac00000, 0x000000070ae00000|  0%| F|  |TAMS 0x000000070ac00000| PB 0x000000070ac00000| Untracked |  0
|   7|0x000000070ae00000, 0x000000070ae00000, 0x000000070b000000|  0%| F|  |TAMS 0x000000070ae00000| PB 0x000000070ae00000| Untracked |  0
|   8|0x000000070b000000, 0x000000070b000000, 0x000000070b200000|  0%| F|  |TAMS 0x000000070b000000| PB 0x000000070b000000| Untracked |  0
|   9|0x000000070b200000, 0x000000070b200000, 0x000000070b400000|  0%| F|  |TAMS 0x000000070b200000| PB 0x000000070b200000| Untracked |  0
|  10|0x000000070b400000, 0x000000070b400000, 0x000000070b600000|  0%| F|  |TAMS 0x000000070b400000| PB 0x000000070b400000| Untracked |  0
|  11|0x000000070b600000, 0x000000070b600000, 0x000000070b800000|  0%| F|  |TAMS 0x000000070b600000| PB 0x000000070b600000| Untracked |  0
|  12|0x000000070b800000, 0x000000070b800000, 0x000000070ba00000|  0%| F|  |TAMS 0x000000070b800000| PB 0x000000070b800000| Untracked |  0
|  13|0x000000070ba00000, 0x000000070ba00000, 0x000000070bc00000|  0%| F|  |TAMS 0x000000070ba00000| PB 0x000000070ba00000| Untracked |  0
|  14|0x000000070bc00000, 0x000000070bc00000, 0x000000070be00000|  0%| F|  |TAMS 0x000000070bc00000| PB 0x000000070bc00000| Untracked |  0
|  15|0x000000070be00000, 0x000000070be00000, 0x000000070c000000|  0%| F|  |TAMS 0x000000070be00000| PB 0x000000070be00000| Untracked |  0
|  16|0x000000070c000000, 0x000000070c000000, 0x000000070c200000|  0%| F|  |TAMS 0x000000070c000000| PB 0x000000070c000000| Untracked |  0
|  17|0x000000070c200000, 0x000000070c200000, 0x000000070c400000|  0%| F|  |TAMS 0x000000070c200000| PB 0x000000070c200000| Untracked |  0
|  18|0x000000070c400000, 0x000000070c400000, 0x000000070c600000|  0%| F|  |TAMS 0x000000070c400000| PB 0x000000070c400000| Untracked |  0
|  19|0x000000070c600000, 0x000000070c600000, 0x000000070c800000|  0%| F|  |TAMS 0x000000070c600000| PB 0x000000070c600000| Untracked |  0
|  20|0x000000070c800000, 0x000000070c800000, 0x000000070ca00000|  0%| F|  |TAMS 0x000000070c800000| PB 0x000000070c800000| Untracked |  0
|  21|0x000000070ca00000, 0x000000070ca00000, 0x000000070cc00000|  0%| F|  |TAMS 0x000000070ca00000| PB 0x000000070ca00000| Untracked |  0
|  22|0x000000070cc00000, 0x000000070cc00000, 0x000000070ce00000|  0%| F|  |TAMS 0x000000070cc00000| PB 0x000000070cc00000| Untracked |  0
|  23|0x000000070ce00000, 0x000000070ce00000, 0x000000070d000000|  0%| F|  |TAMS 0x000000070ce00000| PB 0x000000070ce00000| Untracked |  0
|  24|0x000000070d000000, 0x000000070d000000, 0x000000070d200000|  0%| F|  |TAMS 0x000000070d000000| PB 0x000000070d000000| Untracked |  0
|  25|0x000000070d200000, 0x000000070d200000, 0x000000070d400000|  0%| F|  |TAMS 0x000000070d200000| PB 0x000000070d200000| Untracked |  0
|  26|0x000000070d400000, 0x000000070d400000, 0x000000070d600000|  0%| F|  |TAMS 0x000000070d400000| PB 0x000000070d400000| Untracked |  0
|  27|0x000000070d600000, 0x000000070d600000, 0x000000070d800000|  0%| F|  |TAMS 0x000000070d600000| PB 0x000000070d600000| Untracked |  0
|  28|0x000000070d800000, 0x000000070d800000, 0x000000070da00000|  0%| F|  |TAMS 0x000000070d800000| PB 0x000000070d800000| Untracked |  0
|  29|0x000000070da00000, 0x000000070da00000, 0x000000070dc00000|  0%| F|  |TAMS 0x000000070da00000| PB 0x000000070da00000| Untracked |  0
|  30|0x000000070dc00000, 0x000000070dc00000, 0x000000070de00000|  0%| F|  |TAMS 0x000000070dc00000| PB 0x000000070dc00000| Untracked |  0
|  31|0x000000070de00000, 0x000000070de00000, 0x000000070e000000|  0%| F|  |TAMS 0x000000070de00000| PB 0x000000070de00000| Untracked |  0
|  32|0x000000070e000000, 0x000000070e000000, 0x000000070e200000|  0%| F|  |TAMS 0x000000070e000000| PB 0x000000070e000000| Untracked |  0
|  33|0x000000070e200000, 0x000000070e200000, 0x000000070e400000|  0%| F|  |TAMS 0x000000070e200000| PB 0x000000070e200000| Untracked |  0
|  34|0x000000070e400000, 0x000000070e400000, 0x000000070e600000|  0%| F|  |TAMS 0x000000070e400000| PB 0x000000070e400000| Untracked |  0
|  35|0x000000070e600000, 0x000000070e600000, 0x000000070e800000|  0%| F|  |TAMS 0x000000070e600000| PB 0x000000070e600000| Untracked |  0
|  36|0x000000070e800000, 0x000000070e800000, 0x000000070ea00000|  0%| F|  |TAMS 0x000000070e800000| PB 0x000000070e800000| Untracked |  0
|  37|0x000000070ea00000, 0x000000070ea00000, 0x000000070ec00000|  0%| F|  |TAMS 0x000000070ea00000| PB 0x000000070ea00000| Untracked |  0
|  38|0x000000070ec00000, 0x000000070ec00000, 0x000000070ee00000|  0%| F|  |TAMS 0x000000070ec00000| PB 0x000000070ec00000| Untracked |  0
|  39|0x000000070ee00000, 0x000000070ee00000, 0x000000070f000000|  0%| F|  |TAMS 0x000000070ee00000| PB 0x000000070ee00000| Untracked |  0
|  40|0x000000070f000000, 0x000000070f000000, 0x000000070f200000|  0%| F|  |TAMS 0x000000070f000000| PB 0x000000070f000000| Untracked |  0
|  41|0x000000070f200000, 0x000000070f200000, 0x000000070f400000|  0%| F|  |TAMS 0x000000070f200000| PB 0x000000070f200000| Untracked |  0
|  42|0x000000070f400000, 0x000000070f400000, 0x000000070f600000|  0%| F|  |TAMS 0x000000070f400000| PB 0x000000070f400000| Untracked |  0
|  43|0x000000070f600000, 0x000000070f600000, 0x000000070f800000|  0%| F|  |TAMS 0x000000070f600000| PB 0x000000070f600000| Untracked |  0
|  44|0x000000070f800000, 0x000000070f800000, 0x000000070fa00000|  0%| F|  |TAMS 0x000000070f800000| PB 0x000000070f800000| Untracked |  0
|  45|0x000000070fa00000, 0x000000070fa00000, 0x000000070fc00000|  0%| F|  |TAMS 0x000000070fa00000| PB 0x000000070fa00000| Untracked |  0
|  46|0x000000070fc00000, 0x000000070fc00000, 0x000000070fe00000|  0%| F|  |TAMS 0x000000070fc00000| PB 0x000000070fc00000| Untracked |  0
|  47|0x000000070fe00000, 0x000000070fe00000, 0x0000000710000000|  0%| F|  |TAMS 0x000000070fe00000| PB 0x000000070fe00000| Untracked |  0
|  48|0x0000000710000000, 0x0000000710000000, 0x0000000710200000|  0%| F|  |TAMS 0x0000000710000000| PB 0x0000000710000000| Untracked |  0
|  49|0x0000000710200000, 0x0000000710200000, 0x0000000710400000|  0%| F|  |TAMS 0x0000000710200000| PB 0x0000000710200000| Untracked |  0
|  50|0x0000000710400000, 0x0000000710400000, 0x0000000710600000|  0%| F|  |TAMS 0x0000000710400000| PB 0x0000000710400000| Untracked |  0
|  51|0x0000000710600000, 0x0000000710600000, 0x0000000710800000|  0%| F|  |TAMS 0x0000000710600000| PB 0x0000000710600000| Untracked |  0
|  52|0x0000000710800000, 0x0000000710800000, 0x0000000710a00000|  0%| F|  |TAMS 0x0000000710800000| PB 0x0000000710800000| Untracked |  0
|  53|0x0000000710a00000, 0x0000000710a00000, 0x0000000710c00000|  0%| F|  |TAMS 0x0000000710a00000| PB 0x0000000710a00000| Untracked |  0
|  54|0x0000000710c00000, 0x0000000710c00000, 0x0000000710e00000|  0%| F|  |TAMS 0x0000000710c00000| PB 0x0000000710c00000| Untracked |  0
|  55|0x0000000710e00000, 0x0000000710e00000, 0x0000000711000000|  0%| F|  |TAMS 0x0000000710e00000| PB 0x0000000710e00000| Untracked |  0
|  56|0x0000000711000000, 0x0000000711000000, 0x0000000711200000|  0%| F|  |TAMS 0x0000000711000000| PB 0x0000000711000000| Untracked |  0
|  57|0x0000000711200000, 0x0000000711200000, 0x0000000711400000|  0%| F|  |TAMS 0x0000000711200000| PB 0x0000000711200000| Untracked |  0
|  58|0x0000000711400000, 0x0000000711400000, 0x0000000711600000|  0%| F|  |TAMS 0x0000000711400000| PB 0x0000000711400000| Untracked |  0
|  59|0x0000000711600000, 0x0000000711600000, 0x0000000711800000|  0%| F|  |TAMS 0x0000000711600000| PB 0x0000000711600000| Untracked |  0
|  60|0x0000000711800000, 0x0000000711800000, 0x0000000711a00000|  0%| F|  |TAMS 0x0000000711800000| PB 0x0000000711800000| Untracked |  0
|  61|0x0000000711a00000, 0x0000000711a00000, 0x0000000711c00000|  0%| F|  |TAMS 0x0000000711a00000| PB 0x0000000711a00000| Untracked |  0
|  62|0x0000000711c00000, 0x0000000711c00000, 0x0000000711e00000|  0%| F|  |TAMS 0x0000000711c00000| PB 0x0000000711c00000| Untracked |  0
|  63|0x0000000711e00000, 0x0000000711e00000, 0x0000000712000000|  0%| F|  |TAMS 0x0000000711e00000| PB 0x0000000711e00000| Untracked |  0
|  64|0x0000000712000000, 0x0000000712000000, 0x0000000712200000|  0%| F|  |TAMS 0x0000000712000000| PB 0x0000000712000000| Untracked |  0
|  65|0x0000000712200000, 0x0000000712200000, 0x0000000712400000|  0%| F|  |TAMS 0x0000000712200000| PB 0x0000000712200000| Untracked |  0
|  66|0x0000000712400000, 0x0000000712400000, 0x0000000712600000|  0%| F|  |TAMS 0x0000000712400000| PB 0x0000000712400000| Untracked |  0
|  67|0x0000000712600000, 0x0000000712600000, 0x0000000712800000|  0%| F|  |TAMS 0x0000000712600000| PB 0x0000000712600000| Untracked |  0
|  68|0x0000000712800000, 0x0000000712800000, 0x0000000712a00000|  0%| F|  |TAMS 0x0000000712800000| PB 0x0000000712800000| Untracked |  0
|  69|0x0000000712a00000, 0x0000000712a00000, 0x0000000712c00000|  0%| F|  |TAMS 0x0000000712a00000| PB 0x0000000712a00000| Untracked |  0
|  70|0x0000000712c00000, 0x0000000712c00000, 0x0000000712e00000|  0%| F|  |TAMS 0x0000000712c00000| PB 0x0000000712c00000| Untracked |  0
|  71|0x0000000712e00000, 0x0000000712e00000, 0x0000000713000000|  0%| F|  |TAMS 0x0000000712e00000| PB 0x0000000712e00000| Untracked |  0
|  72|0x0000000713000000, 0x0000000713000000, 0x0000000713200000|  0%| F|  |TAMS 0x0000000713000000| PB 0x0000000713000000| Untracked |  0
|  73|0x0000000713200000, 0x0000000713200000, 0x0000000713400000|  0%| F|  |TAMS 0x0000000713200000| PB 0x0000000713200000| Untracked |  0
|  74|0x0000000713400000, 0x0000000713400000, 0x0000000713600000|  0%| F|  |TAMS 0x0000000713400000| PB 0x0000000713400000| Untracked |  0
|  75|0x0000000713600000, 0x0000000713600000, 0x0000000713800000|  0%| F|  |TAMS 0x0000000713600000| PB 0x0000000713600000| Untracked |  0
|  76|0x0000000713800000, 0x0000000713800000, 0x0000000713a00000|  0%| F|  |TAMS 0x0000000713800000| PB 0x0000000713800000| Untracked |  0
|  77|0x0000000713a00000, 0x0000000713a00000, 0x0000000713c00000|  0%| F|  |TAMS 0x0000000713a00000| PB 0x0000000713a00000| Untracked |  0
|  78|0x0000000713c00000, 0x0000000713c00000, 0x0000000713e00000|  0%| F|  |TAMS 0x0000000713c00000| PB 0x0000000713c00000| Untracked |  0
|  79|0x0000000713e00000, 0x0000000713e00000, 0x0000000714000000|  0%| F|  |TAMS 0x0000000713e00000| PB 0x0000000713e00000| Untracked |  0
|  80|0x0000000714000000, 0x0000000714000000, 0x0000000714200000|  0%| F|  |TAMS 0x0000000714000000| PB 0x0000000714000000| Untracked |  0
|  81|0x0000000714200000, 0x0000000714200000, 0x0000000714400000|  0%| F|  |TAMS 0x0000000714200000| PB 0x0000000714200000| Untracked |  0
|  82|0x0000000714400000, 0x0000000714400000, 0x0000000714600000|  0%| F|  |TAMS 0x0000000714400000| PB 0x0000000714400000| Untracked |  0
|  83|0x0000000714600000, 0x0000000714600000, 0x0000000714800000|  0%| F|  |TAMS 0x0000000714600000| PB 0x0000000714600000| Untracked |  0
|  84|0x0000000714800000, 0x0000000714800000, 0x0000000714a00000|  0%| F|  |TAMS 0x0000000714800000| PB 0x0000000714800000| Untracked |  0
|  85|0x0000000714a00000, 0x0000000714a00000, 0x0000000714c00000|  0%| F|  |TAMS 0x0000000714a00000| PB 0x0000000714a00000| Untracked |  0
|  86|0x0000000714c00000, 0x0000000714c00000, 0x0000000714e00000|  0%| F|  |TAMS 0x0000000714c00000| PB 0x0000000714c00000| Untracked |  0
|  87|0x0000000714e00000, 0x0000000714e00000, 0x0000000715000000|  0%| F|  |TAMS 0x0000000714e00000| PB 0x0000000714e00000| Untracked |  0
|  88|0x0000000715000000, 0x0000000715000000, 0x0000000715200000|  0%| F|  |TAMS 0x0000000715000000| PB 0x0000000715000000| Untracked |  0
|  89|0x0000000715200000, 0x0000000715200000, 0x0000000715400000|  0%| F|  |TAMS 0x0000000715200000| PB 0x0000000715200000| Untracked |  0
|  90|0x0000000715400000, 0x0000000715400000, 0x0000000715600000|  0%| F|  |TAMS 0x0000000715400000| PB 0x0000000715400000| Untracked |  0
|  91|0x0000000715600000, 0x0000000715600000, 0x0000000715800000|  0%| F|  |TAMS 0x0000000715600000| PB 0x0000000715600000| Untracked |  0
|  92|0x0000000715800000, 0x0000000715800000, 0x0000000715a00000|  0%| F|  |TAMS 0x0000000715800000| PB 0x0000000715800000| Untracked |  0
|  93|0x0000000715a00000, 0x0000000715a00000, 0x0000000715c00000|  0%| F|  |TAMS 0x0000000715a00000| PB 0x0000000715a00000| Untracked |  0
|  94|0x0000000715c00000, 0x0000000715c00000, 0x0000000715e00000|  0%| F|  |TAMS 0x0000000715c00000| PB 0x0000000715c00000| Untracked |  0
|  95|0x0000000715e00000, 0x0000000715e00000, 0x0000000716000000|  0%| F|  |TAMS 0x0000000715e00000| PB 0x0000000715e00000| Untracked |  0
|  96|0x0000000716000000, 0x0000000716000000, 0x0000000716200000|  0%| F|  |TAMS 0x0000000716000000| PB 0x0000000716000000| Untracked |  0
|  97|0x0000000716200000, 0x0000000716200000, 0x0000000716400000|  0%| F|  |TAMS 0x0000000716200000| PB 0x0000000716200000| Untracked |  0
|  98|0x0000000716400000, 0x0000000716400000, 0x0000000716600000|  0%| F|  |TAMS 0x0000000716400000| PB 0x0000000716400000| Untracked |  0
|  99|0x0000000716600000, 0x0000000716600000, 0x0000000716800000|  0%| F|  |TAMS 0x0000000716600000| PB 0x0000000716600000| Untracked |  0
| 100|0x0000000716800000, 0x0000000716800000, 0x0000000716a00000|  0%| F|  |TAMS 0x0000000716800000| PB 0x0000000716800000| Untracked |  0
| 101|0x0000000716a00000, 0x0000000716a00000, 0x0000000716c00000|  0%| F|  |TAMS 0x0000000716a00000| PB 0x0000000716a00000| Untracked |  0
| 102|0x0000000716c00000, 0x0000000716c00000, 0x0000000716e00000|  0%| F|  |TAMS 0x0000000716c00000| PB 0x0000000716c00000| Untracked |  0
| 103|0x0000000716e00000, 0x0000000716e00000, 0x0000000717000000|  0%| F|  |TAMS 0x0000000716e00000| PB 0x0000000716e00000| Untracked |  0
| 104|0x0000000717000000, 0x0000000717000000, 0x0000000717200000|  0%| F|  |TAMS 0x0000000717000000| PB 0x0000000717000000| Untracked |  0
| 105|0x0000000717200000, 0x0000000717200000, 0x0000000717400000|  0%| F|  |TAMS 0x0000000717200000| PB 0x0000000717200000| Untracked |  0
| 106|0x0000000717400000, 0x0000000717400000, 0x0000000717600000|  0%| F|  |TAMS 0x0000000717400000| PB 0x0000000717400000| Untracked |  0
| 107|0x0000000717600000, 0x0000000717600000, 0x0000000717800000|  0%| F|  |TAMS 0x0000000717600000| PB 0x0000000717600000| Untracked |  0
| 108|0x0000000717800000, 0x0000000717800000, 0x0000000717a00000|  0%| F|  |TAMS 0x0000000717800000| PB 0x0000000717800000| Untracked |  0
| 109|0x0000000717a00000, 0x0000000717a00000, 0x0000000717c00000|  0%| F|  |TAMS 0x0000000717a00000| PB 0x0000000717a00000| Untracked |  0
| 110|0x0000000717c00000, 0x0000000717c00000, 0x0000000717e00000|  0%| F|  |TAMS 0x0000000717c00000| PB 0x0000000717c00000| Untracked |  0
| 111|0x0000000717e00000, 0x0000000717e00000, 0x0000000718000000|  0%| F|  |TAMS 0x0000000717e00000| PB 0x0000000717e00000| Untracked |  0
| 112|0x0000000718000000, 0x0000000718000000, 0x0000000718200000|  0%| F|  |TAMS 0x0000000718000000| PB 0x0000000718000000| Untracked |  0
| 113|0x0000000718200000, 0x0000000718200000, 0x0000000718400000|  0%| F|  |TAMS 0x0000000718200000| PB 0x0000000718200000| Untracked |  0
| 114|0x0000000718400000, 0x0000000718400000, 0x0000000718600000|  0%| F|  |TAMS 0x0000000718400000| PB 0x0000000718400000| Untracked |  0
| 115|0x0000000718600000, 0x0000000718600000, 0x0000000718800000|  0%| F|  |TAMS 0x0000000718600000| PB 0x0000000718600000| Untracked |  0
| 116|0x0000000718800000, 0x0000000718800000, 0x0000000718a00000|  0%| F|  |TAMS 0x0000000718800000| PB 0x0000000718800000| Untracked |  0
| 117|0x0000000718a00000, 0x0000000718a00000, 0x0000000718c00000|  0%| F|  |TAMS 0x0000000718a00000| PB 0x0000000718a00000| Untracked |  0
| 118|0x0000000718c00000, 0x0000000718c00000, 0x0000000718e00000|  0%| F|  |TAMS 0x0000000718c00000| PB 0x0000000718c00000| Untracked |  0
| 119|0x0000000718e00000, 0x0000000718ef5c40, 0x0000000719000000| 48%| E|  |TAMS 0x0000000718e00000| PB 0x0000000718e00000| Complete |  0
| 120|0x0000000719000000, 0x0000000719200000, 0x0000000719200000|100%| E|CS|TAMS 0x0000000719000000| PB 0x0000000719000000| Complete |  0
| 121|0x0000000719200000, 0x0000000719400000, 0x0000000719400000|100%| E|CS|TAMS 0x0000000719200000| PB 0x0000000719200000| Complete |  0
| 122|0x0000000719400000, 0x0000000719600000, 0x0000000719600000|100%| E|CS|TAMS 0x0000000719400000| PB 0x0000000719400000| Complete |  0
|1967|0x00000007ffe00000, 0x00000007fff1c2f8, 0x0000000800000000| 55%| O|  |TAMS 0x00000007ffe00000| PB 0x00000007ffe00000| Untracked |  0

Card table byte_map: [0x0000016bfc670000,0x0000016bfce20000] _byte_map_base: 0x0000016bf8e20000

Marking Bits: (CMBitMap*) 0x0000016be3ed67f0
 Bits: [0x0000016b80000000, 0x0000016b83d80000)

Polling page: 0x0000016be1c30000

Metaspace:

Usage:
  Non-class:      1.30 MB used.
      Class:     99.27 KB used.
       Both:      1.40 MB used.

Virtual space:
  Non-class space:       64.00 MB reserved,       1.38 MB (  2%) committed,  1 nodes.
      Class space:        1.00 GB reserved,     128.00 KB ( <1%) committed,  1 nodes.
             Both:        1.06 GB reserved,       1.50 MB ( <1%) committed. 

Chunk freelists:
   Non-Class:  11.55 MB
       Class:  15.69 MB
        Both:  27.24 MB

MaxMetaspaceSize: unlimited
CompressedClassSpaceSize: 1.00 GB
Initial GC threshold: 21.00 MB
Current GC threshold: 21.00 MB
CDS: on
 - commit_granule_bytes: 65536.
 - commit_granule_words: 8192.
 - virtual_space_node_default_size: 8388608.
 - enlarge_chunks_in_place: 1.
UseCompressedClassPointers 1, UseCompactObjectHeaders 0
Narrow klass pointer bits 32, Max shift 3
Narrow klass base: 0x0000016b84000000, Narrow klass shift: 0
Encoding Range: [0x0000016b84000000 - 0x0000016c84000000), (4294967296 bytes)
Klass Range:    [0x0000016b84000000 - 0x0000016bc5000000), (1090519040 bytes)
Klass ID Range:  [8 - 1090519033) (1090519025)


Internal statistics:

num_allocs_failed_limit: 0.
num_arena_births: 30.
num_arena_deaths: 0.
num_vsnodes_births: 2.
num_vsnodes_deaths: 0.
num_space_committed: 24.
num_space_uncommitted: 0.
num_chunks_returned_to_freelist: 0.
num_chunks_taken_from_freelist: 63.
num_chunk_merges: 0.
num_chunk_splits: 39.
num_chunks_enlarged: 26.
num_inconsistent_stats: 0.

CodeHeap 'non-profiled nmethods': size=120064Kb used=129Kb max_used=129Kb free=119934Kb
 bounds [0x0000016bf4430000, 0x0000016bf46a0000, 0x0000016bfb970000]
CodeHeap 'profiled nmethods': size=120000Kb used=475Kb max_used=475Kb free=119524Kb
 bounds [0x0000016bec970000, 0x0000016becbe0000, 0x0000016bf3ea0000]
CodeHeap 'non-nmethods': size=5696Kb used=1239Kb max_used=1253Kb free=4456Kb
 bounds [0x0000016bf3ea0000, 0x0000016bf4110000, 0x0000016bf4430000]
CodeCache: size=245760Kb, used=1843Kb, max_used=1857Kb, free=243914Kb
 total_blobs=800, nmethods=393, adapters=313, full_count=0
Compilation: enabled, stopped_count=0, restarted_count=0

Compilation events (20 events):
Event: 0.167 Thread 0x0000016bffab4eb0  381       3       java.lang.ClassLoader::getClassLoadingLock (35 bytes)
Event: 0.167 Thread 0x0000016bffab4eb0 nmethod 381 0x0000016bec9e3988 code [0x0000016bec9e3ac0, 0x0000016bec9e3e28]
Event: 0.167 Thread 0x0000016bffab4eb0  382       3       java.util.WeakHashMap::getTable (9 bytes)
Event: 0.167 Thread 0x0000016bffab4eb0 nmethod 382 0x0000016bec9e3e88 code [0x0000016bec9e3fa0, 0x0000016bec9e40f0]
Event: 0.167 Thread 0x0000016bffab4eb0  383   !   3       java.util.WeakHashMap::expungeStaleEntries (139 bytes)
Event: 0.168 Thread 0x0000016bffab4eb0 nmethod 383 0x0000016bec9e4188 code [0x0000016bec9e4300, 0x0000016bec9e4bc0]
Event: 0.168 Thread 0x0000016bffab4eb0  384       3       java.util.WeakHashMap::indexFor (6 bytes)
Event: 0.168 Thread 0x0000016bffab4eb0 nmethod 384 0x0000016bec9e4c08 code [0x0000016bec9e4d20, 0x0000016bec9e4e10]
Event: 0.168 Thread 0x0000016bffab4eb0  385   !   3       jdk.internal.loader.BuiltinClassLoader::loadClassOrNull (143 bytes)
Event: 0.168 Thread 0x0000016bffab4eb0 nmethod 385 0x0000016bec9e4f08 code [0x0000016bec9e5140, 0x0000016bec9e61b8]
Event: 0.168 Thread 0x0000016bffab4eb0  387       3       java.lang.CharacterDataLatin1::getProperties (11 bytes)
Event: 0.169 Thread 0x0000016bffab4eb0 nmethod 387 0x0000016bec9e6288 code [0x0000016bec9e63a0, 0x0000016bec9e64e0]
Event: 0.169 Thread 0x0000016bffab4eb0  388       3       java.util.HashMap::put (13 bytes)
Event: 0.169 Thread 0x0000016bffab4eb0 nmethod 388 0x0000016bec9e6588 code [0x0000016bec9e66c0, 0x0000016bec9e6a38]
Event: 0.169 Thread 0x0000016bffab4eb0  390       3       java.lang.CharacterDataLatin1::equalsIgnoreCase (63 bytes)
Event: 0.169 Thread 0x0000016bffab4eb0 nmethod 390 0x0000016bec9e6a88 code [0x0000016bec9e6bc0, 0x0000016bec9e6e68]
Event: 0.169 Thread 0x0000016bffab4eb0  392       1       jdk.internal.loader.URLClassPath$Loader::getBaseURL (5 bytes)
Event: 0.169 Thread 0x0000016bffab4eb0 nmethod 392 0x0000016bf444fe88 code [0x0000016bf444ff80, 0x0000016bf4450048]
Event: 0.169 Thread 0x0000016bffab4eb0  393       1       java.util.zip.Inflater::hasPendingOutput (5 bytes)
Event: 0.170 Thread 0x0000016bffab4eb0 nmethod 393 0x0000016bf4450188 code [0x0000016bf4450280, 0x0000016bf4450348]

GC Heap History (0 events):
No events

Dll operation events (8 events):
Event: 0.007 Loaded shared library C:\Program Files\Apache NetBeans\jdk\bin\java.dll
Event: 0.028 Loaded shared library C:\Program Files\Apache NetBeans\jdk\bin\jsvml.dll
Event: 0.033 Loaded shared library C:\Program Files\Apache NetBeans\jdk\bin\net.dll
Event: 0.035 Loaded shared library C:\Program Files\Apache NetBeans\jdk\bin\nio.dll
Event: 0.038 Loaded shared library C:\Program Files\Apache NetBeans\jdk\bin\zip.dll
Event: 0.151 Loaded shared library C:\Program Files\Apache NetBeans\jdk\bin\jimage.dll
Event: 0.153 Loaded shared library C:\Program Files\Apache NetBeans\java\maven\lib\jansi-native\Windows\x86_64\jansi.dll
Event: 0.165 Loaded shared library C:\Program Files\Apache NetBeans\jdk\bin\verify.dll

Deoptimization events (16 events):
Event: 0.087 Thread 0x0000016be1ab0df0 DEOPT PACKING pc=0x0000016bec98ad98 sp=0x00000029de7fe900
Event: 0.087 Thread 0x0000016be1ab0df0 DEOPT UNPACKING pc=0x0000016bf3ef5722 sp=0x00000029de7fdd70 mode 0
Event: 0.118 Thread 0x0000016be1ab0df0 Uncommon trap: trap_request=0xffffff4d fr.pc=0x0000016bf443d624 relative=0x0000000000000124
Event: 0.118 Thread 0x0000016be1ab0df0 Uncommon trap: reason=unstable_if action=reinterpret pc=0x0000016bf443d624 method=java.lang.StringCoding.countPositives([BII)I @ 17 c2
Event: 0.118 Thread 0x0000016be1ab0df0 DEOPT PACKING pc=0x0000016bf443d624 sp=0x00000029de7fa800
Event: 0.118 Thread 0x0000016be1ab0df0 DEOPT UNPACKING pc=0x0000016bf3fb6482 sp=0x00000029de7fa7a0 mode 2
Event: 0.126 Thread 0x0000016be1ab0df0 DEOPT PACKING pc=0x0000016bec9a3298 sp=0x00000029de7fa830
Event: 0.126 Thread 0x0000016be1ab0df0 DEOPT UNPACKING pc=0x0000016bf3ef5722 sp=0x00000029de7f9ca0 mode 0
Event: 0.128 Thread 0x0000016be1ab0df0 Uncommon trap: trap_request=0xffffff4d fr.pc=0x0000016bf444125c relative=0x000000000000005c
Event: 0.128 Thread 0x0000016be1ab0df0 Uncommon trap: reason=unstable_if action=reinterpret pc=0x0000016bf444125c method=java.io.WinNTFileSystem.isSlash(C)Z @ 9 c2
Event: 0.128 Thread 0x0000016be1ab0df0 DEOPT PACKING pc=0x0000016bf444125c sp=0x00000029de7fe8f0
Event: 0.128 Thread 0x0000016be1ab0df0 DEOPT UNPACKING pc=0x0000016bf3fb6482 sp=0x00000029de7fe878 mode 2
Event: 0.156 Thread 0x0000016be1ab0df0 DEOPT PACKING pc=0x0000016bec9adc94 sp=0x00000029de7fdf00
Event: 0.156 Thread 0x0000016be1ab0df0 DEOPT UNPACKING pc=0x0000016bf3ef5722 sp=0x00000029de7fd348 mode 0
Event: 0.156 Thread 0x0000016be1ab0df0 DEOPT PACKING pc=0x0000016bec9acebc sp=0x00000029de7fdf60
Event: 0.156 Thread 0x0000016be1ab0df0 DEOPT UNPACKING pc=0x0000016bf3ef5722 sp=0x00000029de7fd3c8 mode 0

Classes loaded (20 events):
Event: 0.155 Loading class sun/net/www/URLConnection done
Event: 0.155 Loading class sun/net/www/protocol/file/FileURLConnection done
Event: 0.155 Loading class sun/net/www/MessageHeader
Event: 0.155 Loading class sun/net/www/MessageHeader done
Event: 0.155 Loading class jdk/internal/util/OperatingSystem
Event: 0.155 Loading class jdk/internal/util/OperatingSystem done
Event: 0.156 Loading class sun/net/www/protocol/jar/URLJarFile
Event: 0.156 Loading class sun/net/www/protocol/jar/URLJarFile done
Event: 0.157 Loading class sun/net/www/protocol/jar/URLJarFile$URLJarFileEntry
Event: 0.157 Loading class sun/net/www/protocol/jar/URLJarFile$URLJarFileEntry done
Event: 0.157 Loading class sun/net/www/protocol/jar/JarURLConnection$JarURLInputStream
Event: 0.157 Loading class sun/net/www/protocol/jar/JarURLConnection$JarURLInputStream done
Event: 0.159 Loading class java/lang/Thread$ThreadNumbering
Event: 0.159 Loading class java/lang/Thread$ThreadNumbering done
Event: 0.163 Loading class sun/nio/fs/WindowsPath$1
Event: 0.163 Loading class sun/nio/fs/WindowsPath$1 done
Event: 0.167 Loading class java/lang/CloneNotSupportedException
Event: 0.167 Loading class java/lang/CloneNotSupportedException done
Event: 0.167 Loading class java/lang/UnsupportedOperationException
Event: 0.167 Loading class java/lang/UnsupportedOperationException done

Classes unloaded (0 events):
No events

Classes redefined (0 events):
No events

Internal exceptions (20 events):
Event: 0.137 Thread 0x0000016be1ab0df0 Exception <a 'java/lang/NoSuchMethodError'{0x00000007190c9700}: 'java.lang.Object java.lang.invoke.Invokers$Holder.invokeExact_MT(java.lang.Object, java.lang.Object, java.lang.Object, java.lang.Object, java.lang.Object)'> (0x00000007190c9700) 
thrown [s\src\hotspot\share\interpreter\linkResolver.cpp, line 805]
Event: 0.142 Thread 0x0000016be1ab0df0 Exception <a 'java/lang/NoSuchMethodError'{0x00000007190f4810}: 'java.lang.Object java.lang.invoke.DirectMethodHandle$Holder.invokeStaticInit(java.lang.Object)'> (0x00000007190f4810) 
thrown [s\src\hotspot\share\interpreter\linkResolver.cpp, line 805]
Event: 0.146 Thread 0x0000016be1ab0df0 Exception <a 'java/lang/NullPointerException'{0x00000007191276c0}> (0x00000007191276c0) 
thrown [s\src\hotspot\share\interpreter\linkResolver.cpp, line 1417]
Event: 0.156 Thread 0x0000016be1ab0df0 Exception <a 'java/lang/NullPointerException'{0x0000000719147150}> (0x0000000719147150) 
thrown [s\src\hotspot\share\interpreter\linkResolver.cpp, line 1417]
Event: 0.156 Thread 0x0000016be1ab0df0 Exception <a 'java/lang/NullPointerException'{0x0000000719147430}> (0x0000000719147430) 
thrown [s\src\hotspot\share\interpreter\linkResolver.cpp, line 1417]
Event: 0.156 Thread 0x0000016be1ab0df0 Exception <a 'java/lang/NullPointerException'{0x0000000719147710}> (0x0000000719147710) 
thrown [s\src\hotspot\share\interpreter\linkResolver.cpp, line 1417]
Event: 0.157 Thread 0x0000016be1ab0df0 Exception <a 'java/lang/NullPointerException'{0x000000071914bfc8}> (0x000000071914bfc8) 
thrown [s\src\hotspot\share\interpreter\linkResolver.cpp, line 1417]
Event: 0.159 Thread 0x0000016be1ab0df0 Exception <a 'java/lang/NullPointerException'{0x000000071915d888}> (0x000000071915d888) 
thrown [s\src\hotspot\share\interpreter\linkResolver.cpp, line 1417]
Event: 0.159 Thread 0x0000016be1ab0df0 Exception <a 'java/lang/NullPointerException'{0x000000071915db68}> (0x000000071915db68) 
thrown [s\src\hotspot\share\interpreter\linkResolver.cpp, line 1417]
Event: 0.159 Thread 0x0000016be1ab0df0 Exception <a 'java/lang/NullPointerException'{0x000000071915de48}> (0x000000071915de48) 
thrown [s\src\hotspot\share\interpreter\linkResolver.cpp, line 1417]
Event: 0.159 Thread 0x0000016be1ab0df0 Exception <a 'java/lang/NullPointerException'{0x000000071915e128}> (0x000000071915e128) 
thrown [s\src\hotspot\share\interpreter\linkResolver.cpp, line 1417]
Event: 0.164 Thread 0x0000016be1ab0df0 Exception <a 'sun/nio/fs/WindowsException'{0x0000000719180968}> (0x0000000719180968) 
thrown [s\src\hotspot\share\prims\jni.cpp, line 518]
Event: 0.164 Thread 0x0000016be1ab0df0 Exception <a 'sun/nio/fs/WindowsException'{0x0000000719181030}> (0x0000000719181030) 
thrown [s\src\hotspot\share\prims\jni.cpp, line 518]
Event: 0.164 Thread 0x0000016be1ab0df0 Exception <a 'sun/nio/fs/WindowsException'{0x0000000719181668}> (0x0000000719181668) 
thrown [s\src\hotspot\share\prims\jni.cpp, line 518]
Event: 0.164 Thread 0x0000016be1ab0df0 Exception <a 'sun/nio/fs/WindowsException'{0x0000000719181c80}> (0x0000000719181c80) 
thrown [s\src\hotspot\share\prims\jni.cpp, line 518]
Event: 0.164 Thread 0x0000016be1ab0df0 Exception <a 'sun/nio/fs/WindowsException'{0x0000000719182280}> (0x0000000719182280) 
thrown [s\src\hotspot\share\prims\jni.cpp, line 518]
Event: 0.164 Thread 0x0000016be1ab0df0 Exception <a 'sun/nio/fs/WindowsException'{0x00000007191827f8}> (0x00000007191827f8) 
thrown [s\src\hotspot\share\prims\jni.cpp, line 518]
Event: 0.164 Thread 0x0000016be1ab0df0 Exception <a 'sun/nio/fs/WindowsException'{0x0000000719182d50}> (0x0000000719182d50) 
thrown [s\src\hotspot\share\prims\jni.cpp, line 518]
Event: 0.164 Thread 0x0000016be1ab0df0 Exception <a 'sun/nio/fs/WindowsException'{0x0000000719183258}> (0x0000000719183258) 
thrown [s\src\hotspot\share\prims\jni.cpp, line 518]
Event: 0.164 Thread 0x0000016be1ab0df0 Exception <a 'sun/nio/fs/WindowsException'{0x0000000719183718}> (0x0000000719183718) 
thrown [s\src\hotspot\share\prims\jni.cpp, line 518]

VM Operations (4 events):
Event: 0.146 Executing VM operation: HandshakeAllThreads (Deoptimize)
Event: 0.146 Executing VM operation: HandshakeAllThreads (Deoptimize) done
Event: 0.156 Executing VM operation: HandshakeAllThreads (Deoptimize)
Event: 0.157 Executing VM operation: HandshakeAllThreads (Deoptimize) done

Memory protections (0 events):
No events

Nmethod flushes (0 events):
No events

Events (14 events):
Event: 0.018 Thread 0x0000016be1ab0df0 Thread added: 0x0000016be1ab0df0
Event: 0.027 Thread 0x0000016be1ab0df0 Thread added: 0x0000016bffa8bd30
Event: 0.027 Thread 0x0000016be1ab0df0 Thread added: 0x0000016bffa8e480
Event: 0.027 Thread 0x0000016be1ab0df0 Thread added: 0x0000016bffa8fd60
Event: 0.027 Thread 0x0000016be1ab0df0 Thread added: 0x0000016bffa91030
Event: 0.027 Thread 0x0000016be1ab0df0 Thread added: 0x0000016bffab1f80
Event: 0.027 Thread 0x0000016be1ab0df0 Thread added: 0x0000016bffab34d0
Event: 0.027 Thread 0x0000016be1ab0df0 Thread added: 0x0000016bffab4330
Event: 0.027 Thread 0x0000016be1ab0df0 Thread added: 0x0000016bffab4eb0
Event: 0.030 Thread 0x0000016be1ab0df0 Thread added: 0x0000016bc90a8a40
Event: 0.031 Thread 0x0000016be1ab0df0 Thread added: 0x0000016bc90aa030
Event: 0.082 Thread 0x0000016bffab4330 Thread added: 0x0000016bc9198fa0
Event: 0.149 Thread 0x0000016be1ab0df0 Thread added: 0x0000016bc90a82f0
Event: 0.159 Thread 0x0000016bc90a82f0 Thread exited: 0x0000016bc90a82f0


Dynamic libraries:
0x00007ff7f5020000 - 0x00007ff7f502e000 	C:\Program Files\Apache NetBeans\jdk\bin\java.exe
0x00007ffbd9760000 - 0x00007ffbd99c8000 	C:\WINDOWS\SYSTEM32\ntdll.dll
0x00007ffbd8250000 - 0x00007ffbd8319000 	C:\WINDOWS\System32\KERNEL32.DLL
0x00007ffbd6c20000 - 0x00007ffbd7018000 	C:\WINDOWS\System32\KERNELBASE.dll
0x00007ffbd6960000 - 0x00007ffbd6aab000 	C:\WINDOWS\System32\ucrtbase.dll
0x00007ffba8390000 - 0x00007ffba83a6000 	C:\Program Files\Apache NetBeans\jdk\bin\jli.dll
0x00007ffbcff30000 - 0x00007ffbcff4e000 	C:\Program Files\Apache NetBeans\jdk\bin\VCRUNTIME140.dll
0x00007ffbd9550000 - 0x00007ffbd9717000 	C:\WINDOWS\System32\USER32.dll
0x00007ffbc16c0000 - 0x00007ffbc1954000 	C:\WINDOWS\WinSxS\amd64_microsoft.windows.common-controls_6595b64144ccf1df_6.0.26100.7019_none_3e06ffa0e335b8a8\COMCTL32.dll
0x00007ffbd78f0000 - 0x00007ffbd7999000 	C:\WINDOWS\System32\msvcrt.dll
0x00007ffbd7220000 - 0x00007ffbd7247000 	C:\WINDOWS\System32\win32u.dll
0x00007ffbd9000000 - 0x00007ffbd902b000 	C:\WINDOWS\System32\GDI32.dll
0x00007ffbd7250000 - 0x00007ffbd737c000 	C:\WINDOWS\System32\gdi32full.dll
0x00007ffbd68b0000 - 0x00007ffbd6953000 	C:\WINDOWS\System32\msvcp_win.dll
0x00007ffbd8ca0000 - 0x00007ffbd8cd1000 	C:\WINDOWS\System32\IMM32.DLL
0x00007ffbd0100000 - 0x00007ffbd010c000 	C:\Program Files\Apache NetBeans\jdk\bin\vcruntime140_1.dll
0x00007ffb84560000 - 0x00007ffb845ed000 	C:\Program Files\Apache NetBeans\jdk\bin\msvcp140.dll
0x00007ffb85440000 - 0x00007ffb862bc000 	C:\Program Files\Apache NetBeans\jdk\bin\server\jvm.dll
0x00007ffbd9360000 - 0x00007ffbd9414000 	C:\WINDOWS\System32\ADVAPI32.dll
0x00007ffbd83b0000 - 0x00007ffbd8456000 	C:\WINDOWS\System32\sechost.dll
0x00007ffbd9130000 - 0x00007ffbd9248000 	C:\WINDOWS\System32\RPCRT4.dll
0x00007ffbd9420000 - 0x00007ffbd9494000 	C:\WINDOWS\System32\WS2_32.dll
0x00007ffbcf0a0000 - 0x00007ffbcf0ab000 	C:\WINDOWS\SYSTEM32\VERSION.dll
0x00007ffbce080000 - 0x00007ffbce0b5000 	C:\WINDOWS\SYSTEM32\WINMM.dll
0x00007ffbd6710000 - 0x00007ffbd676e000 	C:\WINDOWS\SYSTEM32\POWRPROF.dll
0x00007ffbd66f0000 - 0x00007ffbd6704000 	C:\WINDOWS\SYSTEM32\UMPDC.dll
0x00007ffbd5650000 - 0x00007ffbd566b000 	C:\WINDOWS\SYSTEM32\kernel.appcore.dll
0x00007ffbbf930000 - 0x00007ffbbf93a000 	C:\Program Files\Apache NetBeans\jdk\bin\jimage.dll
0x00007ffbc7000000 - 0x00007ffbc7242000 	C:\WINDOWS\SYSTEM32\DBGHELP.DLL
0x00007ffbd79c0000 - 0x00007ffbd7d4b000 	C:\WINDOWS\System32\combase.dll
0x00007ffbd8bc0000 - 0x00007ffbd8c97000 	C:\WINDOWS\System32\OLEAUT32.dll
0x00007ffbd3830000 - 0x00007ffbd386c000 	C:\WINDOWS\SYSTEM32\dbgcore.DLL
0x00007ffbd7170000 - 0x00007ffbd7215000 	C:\WINDOWS\System32\bcryptPrimitives.dll
0x00007ffbc9640000 - 0x00007ffbc965e000 	C:\Program Files\Apache NetBeans\jdk\bin\java.dll
0x00007ffbd7750000 - 0x00007ffbd78e7000 	C:\WINDOWS\System32\ole32.dll
0x00007ffbd8460000 - 0x00007ffbd8baf000 	C:\WINDOWS\System32\SHELL32.dll
0x00007ffbd6ab0000 - 0x00007ffbd6c1b000 	C:\WINDOWS\System32\wintypes.dll
0x00007ffbd44a0000 - 0x00007ffbd4cfd000 	C:\WINDOWS\SYSTEM32\windows.storage.dll
0x00007ffbd9250000 - 0x00007ffbd9342000 	C:\WINDOWS\System32\SHCORE.dll
0x00007ffbd8ed0000 - 0x00007ffbd8f37000 	C:\WINDOWS\System32\shlwapi.dll
0x00007ffbd67d0000 - 0x00007ffbd67f9000 	C:\WINDOWS\SYSTEM32\profapi.dll
0x00007ffb848b0000 - 0x00007ffb84987000 	C:\Program Files\Apache NetBeans\jdk\bin\jsvml.dll
0x00007ffbbd870000 - 0x00007ffbbd880000 	C:\Program Files\Apache NetBeans\jdk\bin\net.dll
0x00007ffbd5be0000 - 0x00007ffbd5c4b000 	C:\WINDOWS\system32\mswsock.dll
0x00007ffb8d4f0000 - 0x00007ffb8d506000 	C:\Program Files\Apache NetBeans\jdk\bin\nio.dll
0x00007ffb8d5d0000 - 0x00007ffb8d5e7000 	C:\Program Files\Apache NetBeans\jdk\bin\zip.dll
0x00007ffbb2c60000 - 0x00007ffbb2c84000 	C:\Program Files\Apache NetBeans\java\maven\lib\jansi-native\Windows\x86_64\jansi.dll
0x00007ffbba050000 - 0x00007ffbba060000 	C:\Program Files\Apache NetBeans\jdk\bin\verify.dll

JVMTI agents: none

dbghelp: loaded successfully - version: 4.0.5 - missing functions: none
symbol engine: initialized successfully - sym options: 0x614 - pdb path: .;C:\Program Files\Apache NetBeans\jdk\bin;C:\WINDOWS\SYSTEM32;C:\WINDOWS\WinSxS\amd64_microsoft.windows.common-controls_6595b64144ccf1df_6.0.26100.7019_none_3e06ffa0e335b8a8;C:\Program Files\Apache NetBeans\jdk\bin\server;C:\Program Files\Apache NetBeans\java\maven\lib\jansi-native\Windows\x86_64

VM Arguments:
jvm_args: -Dclassworlds.conf=C:\Program Files\Apache NetBeans\java\maven\bin\m2.conf -Dmaven.home=C:\Program Files\Apache NetBeans\java\maven -Dlibrary.jansi.path=C:\Program Files\Apache NetBeans\java\maven\lib\jansi-native -Dmaven.multiModuleProjectDirectory=C:\Users\juank\OneDrive\Escritorio\UAO\POO\NetbeansProyects\EPS 
java_command: org.codehaus.plexus.classworlds.launcher.Launcher -Dtest=ExcelManagerTest -Dmaven.ext.class.path=C:\Program Files\Apache NetBeans\java\maven-nblib\netbeans-eventspy.jar --no-transfer-progress process-test-classes surefire:test
java_class_path (initial): C:\Program Files\Apache NetBeans\java\maven\boot\plexus-classworlds-2.8.0.jar
Launcher Type: SUN_STANDARD

[Global flags]
     intx CICompilerCount                          = 4                                         {product} {ergonomic}
     uint ConcGCThreads                            = 3                                         {product} {ergonomic}
     uint G1ConcRefinementThreads                  = 10                                        {product} {ergonomic}
   size_t G1HeapRegionSize                         = 2097152                                   {product} {ergonomic}
   size_t InitialHeapSize                          = 257949696                                 {product} {ergonomic}
   size_t MarkStackSize                            = 4194304                                   {product} {ergonomic}
   size_t MarkStackSizeMax                         = 536870912                                 {product} {ergonomic}
   size_t MaxHeapSize                              = 4127195136                                {product} {ergonomic}
   size_t MaxNewSize                               = 2474639360                                {product} {ergonomic}
   size_t MinHeapDeltaBytes                        = 2097152                                   {product} {ergonomic}
   size_t MinHeapSize                              = 8388608                                   {product} {ergonomic}
    uintx NonNMethodCodeHeapSize                   = 5832704                                {pd product} {ergonomic}
    uintx NonProfiledCodeHeapSize                  = 122945536                              {pd product} {ergonomic}
    uintx ProfiledCodeHeapSize                     = 122880000                              {pd product} {ergonomic}
    uintx ReservedCodeCacheSize                    = 251658240                              {pd product} {ergonomic}
     bool SegmentedCodeCache                       = true                                      {product} {ergonomic}
   size_t SoftMaxHeapSize                          = 4127195136                             {manageable} {ergonomic}
     bool UseCompressedOops                        = true                           {product lp64_product} {ergonomic}
     bool UseG1GC                                  = true                                      {product} {ergonomic}
     bool UseLargePagesIndividualAllocation        = false                                  {pd product} {ergonomic}

Logging:
Log output configuration:
 #0: stdout all=warning uptime,level,tags foldmultilines=false
 #1: stderr all=off uptime,level,tags foldmultilines=false

Environment Variables:
JAVA_HOME=C:\Program Files\Apache NetBeans\jdk
PATH=C:\WINDOWS\system32;C:\WINDOWS;C:\WINDOWS\System32\Wbem;C:\WINDOWS\System32\WindowsPowerShell\v1.0\;C:\WINDOWS\System32\OpenSSH\;C:\Program Files\NVIDIA Corporation\NVIDIA app\NvDLISR;C:\Program Files (x86)\NVIDIA Corporation\PhysX\Common;C:\Users\juank\OneDrive\Escritorio\UAO\Semillero\Dependecias_de_Tensorflow\protoc-30.0-win64\bin;C:\Users\juank\AppData\Roaming\Microsoft\Windows\Start Menu\Programs\Python 3.8;C:\Program Files\Git\cmd;C:\Program Files (x86)\Windows Kits\8.1\Windows Performance Toolkit\;C:\Users\juank\AppData\Local\Programs\Python\Launcher\;C:\Users\juank\AppData\Local\Microsoft\WindowsApps;C:\Users\juank\AppData\Local\Programs\Microsoft VS Code\bin;C:\Users\juank\AppData\Local\Packages\PythonSoftwareFoundation.Python.3.12_qbz5n2kfra8p0\LocalCache\local-packages\Python312\Scripts;
USERNAME=juank
OS=Windows_NT
PROCESSOR_IDENTIFIER=AMD64 Family 23 Model 96 Stepping 1, AuthenticAMD
TMP=C:\Users\juank\AppData\Local\Temp
TEMP=C:\Users\juank\AppData\Local\Temp




Periodic native trim disabled

---------------  S Y S T E M  ---------------

OS:
 Windows 11 , 64 bit Build 26100 (10.0.26100.7019)
OS uptime: 1 days 16:51 hours
Hyper-V role detected

CPU: total 12 (initial active 12) (12 cores per cpu, 2 threads per core) family 23 model 96 stepping 1 microcode 0x8600103, cx8, cmov, fxsr, ht, mmx, 3dnowpref, sse, sse2, sse3, ssse3, sse4a, sse4.1, sse4.2, popcnt, lzcnt, tsc, tscinvbit, avx, avx2, aes, clmul, bmi1, bmi2, adx, sha, fma, vzeroupper, clflush, clflushopt, hv, rdtscp, rdpid, f16c
Processor Information for the first 12 processors :
  Max Mhz: 3000, Current Mhz: 3000, Mhz Limit: 3000

Memory: 4k page, system-wide physical 15741M (7665M free)
TotalPageFile size 21629M (AvailPageFile size 11617M)
current process WorkingSet (physical memory assigned to process): 54M, peak: 54M
current process commit charge ("private bytes"): 346M, peak: 346M

vm_info: OpenJDK 64-Bit Server VM (24.0.1+9) for windows-amd64 JRE (24.0.1+9) (Zulu24.30+11-CA), built on 2025-03-21T13:52:34Z with MS VC++ 17.1 (VS2022)

END.
